core_cm4.h:2064:26:ITM_SendChar	16	static,ignoring_inline_asm
main.c:36:5:main	104	static
main.c:64:6:SystemClock_Config	136	static
main.c:108:13:MX_CRC_Init	8	static
main.c:117:13:MX_DMA2D_Init	8	static
main.c:138:13:MX_I2C3_Init	8	static
main.c:164:13:MX_LTDC_Init	64	static
main.c:210:13:MX_SPI5_Init	8	static
main.c:230:13:MX_TIM1_Init	32	static
main.c:260:13:MX_USART1_UART_Init	8	static
main.c:277:13:MX_FMC_Init	40	static
main.c:308:13:MX_GPIO_Init	64	static
main.c:372:6:StartDefaultTask	16	static
main.c:382:6:StartDefaultTask2	16	static
main.c:392:6:StartDefaultTask3	24	static
main.c:404:13:SerialPrint	16	static
main.c:410:6:HAL_TIM_PeriodElapsedCallback	16	static
main.c:419:5:__io_putchar	24	static
main.c:430:5:_write	32	static
main.c:443:6:Error_Handler	4	static,ignoring_inline_asm
