10:49:58 **** Incremental Build of configuration Debug for project RTOS_UART_DISCO ****
make -j8 all 
arm-none-eabi-gcc "../Core/Src/main.c" -mcpu=cortex-m4 -std=gnu11 -g3 -DUSE_HAL_DRIVER -DDEBUG -DSTM32F429xx -c -I../Core/Inc -I../Drivers/STM32F4xx_HAL_Driver/Inc -I../Drivers/STM32F4xx_HAL_Driver/Inc/Legacy -I../Drivers/CMSIS/Device/ST/STM32F4xx/Include -I../Drivers/CMSIS/Include -I../Middlewares/Third_Party/FreeRTOS/Source/include -I../Middlewares/Third_Party/FreeRTOS/Source/CMSIS_RTOS_V2 -I../Middlewares/Third_Party/FreeRTOS/Source/portable/GCC/ARM_CM4F -O0 -ffunction-sections -fdata-sections -Wall -fstack-usage -MMD -MP -MF"Core/Src/main.d" -MT"Core/Src/main.o" --specs=nano.specs -mfpu=fpv4-sp-d16 -mfloat-abi=hard -mthumb -o "Core/Src/main.o"
arm-none-eabi-gcc -o "RTOS_UART_DISCO.elf" @"objects.list"   -mcpu=cortex-m4 -T"C:\Users\Mun\Desktop\stm32\stcode\RTOS_UART_DISCO\STM32F429ZITX_FLASH.ld" --specs=nosys.specs -Wl,-Map="RTOS_UART_DISCO.map" -Wl,--gc-sections -static --specs=nano.specs -mfpu=fpv4-sp-d16 -mfloat-abi=hard -mthumb -Wl,--start-group -lc -lm -Wl,--end-group
Finished building target: RTOS_UART_DISCO.elf
 
arm-none-eabi-objdump -h -S  RTOS_UART_DISCO.elf  > "RTOS_UART_DISCO.list"
arm-none-eabi-objcopy  -O binary  RTOS_UART_DISCO.elf  "RTOS_UART_DISCO.bin"
arm-none-eabi-size   RTOS_UART_DISCO.elf 
   text	   data	    bss	    dec	    hex	filename
  24592	    124	  20636	  45352	   b128	RTOS_UART_DISCO.elf
Finished building: default.size.stdout
 
Finished building: RTOS_UART_DISCO.bin
 
Finished building: RTOS_UART_DISCO.list
 
