10:08:14 **** Incremental Build of configuration Debug for project ESP32_STM32 ****
make -j8 all 
arm-none-eabi-gcc "../Core/Src/main.c" -mcpu=cortex-m4 -std=gnu11 -g3 -DUSE_HAL_DRIVER -DDEBUG -DSTM32F429xx -c -I../Core/Inc -I../Drivers/STM32F4xx_HAL_Driver/Inc -I../Drivers/STM32F4xx_HAL_Driver/Inc/Legacy -I../Drivers/CMSIS/Device/ST/STM32F4xx/Include -I../Drivers/CMSIS/Include -O0 -ffunction-sections -fdata-sections -Wall -fstack-usage -MMD -MP -MF"Core/Src/main.d" -MT"Core/Src/main.o" --specs=nano.specs -mfpu=fpv4-sp-d16 -mfloat-abi=hard -mthumb -o "Core/Src/main.o"
../Core/Src/main.c: In function '_write':
../Core/Src/main.c:468:3: warning: value computed is not used [-Wunused-value]
   *ptr++;
   ^~~~~~
arm-none-eabi-gcc -o "ESP32_STM32.elf" @"objects.list"   -mcpu=cortex-m4 -T"C:\Users\Mun\Desktop\stm32\stcode\ESP32_STM32\STM32F429ZITX_FLASH.ld" --specs=nosys.specs -Wl,-Map="ESP32_STM32.map" -Wl,--gc-sections -static --specs=nano.specs -mfpu=fpv4-sp-d16 -mfloat-abi=hard -mthumb -Wl,--start-group -lc -lm -Wl,--end-group
Finished building target: ESP32_STM32.elf
 
arm-none-eabi-objdump -h -S  ESP32_STM32.elf  > "ESP32_STM32.list"
arm-none-eabi-objcopy  -O binary  ESP32_STM32.elf  "ESP32_STM32.bin"
arm-none-eabi-size   ESP32_STM32.elf 
   text	   data	    bss	    dec	    hex	filename
   9520	     20	   1716	  11256	   2bf8	ESP32_STM32.elf
Finished building: default.size.stdout
 
Finished building: ESP32_STM32.bin
 
Finished building: ESP32_STM32.list
 

10:08:16 Build Finished. 0 errors, 1 warnings. (took 1s.654ms)

