09:13:19 **** Incremental Build of configuration Debug for project FREE_RTOS ****
make -j8 all 
arm-none-eabi-gcc "../Core/Src/main.c" -mcpu=cortex-m3 -std=gnu11 -g3 -DUSE_HAL_DRIVER -DSTM32F103xB -DDEBUG -c -I../Core/Inc -I../Drivers/STM32F1xx_HAL_Driver/Inc -I../Drivers/STM32F1xx_HAL_Driver/Inc/Legacy -I../Drivers/CMSIS/Device/ST/STM32F1xx/Include -I../Drivers/CMSIS/Include -I../Middlewares/Third_Party/FreeRTOS/Source/include -I../Middlewares/Third_Party/FreeRTOS/Source/CMSIS_RTOS -I../Middlewares/Third_Party/FreeRTOS/Source/portable/GCC/ARM_CM3 -O0 -ffunction-sections -fdata-sections -Wall -fstack-usage -MMD -MP -MF"Core/Src/main.d" -MT"Core/Src/main.o" --specs=nano.specs -mfloat-abi=soft -mthumb -o "Core/Src/main.o"
arm-none-eabi-gcc -o "FREE_RTOS.elf" @"objects.list"   -mcpu=cortex-m3 -T"C:\Users\Mun\Desktop\stm32\stcode\FREE_RTOS\STM32F103C8TX_FLASH.ld" --specs=nosys.specs -Wl,-Map="FREE_RTOS.map" -Wl,--gc-sections -static --specs=nano.specs -mfloat-abi=soft -mthumb -Wl,--start-group -lc -lm -Wl,--end-group
Finished building target: FREE_RTOS.elf
 
arm-none-eabi-objdump -h -S  FREE_RTOS.elf  > "FREE_RTOS.list"
arm-none-eabi-objcopy  -O binary  FREE_RTOS.elf  "FREE_RTOS.bin"
arm-none-eabi-size   FREE_RTOS.elf 
   text	   data	    bss	    dec	    hex	filename
  16832	    124	   5740	  22696	   58a8	FREE_RTOS.elf
Finished building: default.size.stdout
 
Finished building: FREE_RTOS.bin
 
Finished building: FREE_RTOS.list
 

09:13:21 Build Finished. 0 errors, 0 warnings. (took 1s.827ms)

