core_cm4.h:2064:26:uint32_t ITM_SendChar(uint32_t)	16	static,ignoring_inline_asm
gthr-default.h:229:1:int __gthread_key_delete(__gthread_key_t)	16	static
main.cpp:95:5:int main()	48	static
main.cpp:175:6:void SystemClock_Config()	136	static
main.cpp:228:13:void MX_CRC_Init()	8	static
main.cpp:254:13:void MX_DMA2D_Init()	8	static
main.cpp:291:13:void MX_I2C3_Init()	8	static
main.cpp:337:13:void MX_LTDC_Init()	64	static
main.cpp:399:13:void MX_SPI5_Init()	8	static
main.cpp:437:13:void MX_TIM1_Init()	32	static
main.cpp:483:13:void MX_USART1_UART_Init()	8	static
main.cpp:512:13:void MX_FMC_Init()	40	static
main.cpp:563:13:void MX_GPIO_Init()	64	static
main.cpp:654:6:void StartDefaultTask(const void*)	16	static
main.cpp:675:6:void HAL_TIM_PeriodElapsedCallback(TIM_HandleTypeDef*)	16	static
main.cpp:690:5:int __io_putchar(int)	24	static
main.cpp:701:5:int _write(int, char*, int)	32	static
main.cpp:717:6:void Error_Handler()	4	static,ignoring_inline_asm
main.cpp:726:1:void __static_initialization_and_destruction_0(int, int)	16	static
main.cpp:726:1:cpp)	8	static
main.cpp:726:1:cpp)	8	static
