core_cm4.h:2064:26:ITM_SendChar	16	static,ignoring_inline_asm
main.c:34:5:main	104	static
main.c:60:6:SystemClock_Config	136	static
main.c:99:13:MX_CRC_Init	8	static
main.c:106:13:MX_DMA2D_Init	8	static
main.c:123:13:MX_I2C3_Init	8	static
main.c:145:13:MX_LTDC_Init	64	static
main.c:187:13:MX_SPI5_Init	8	static
main.c:205:13:MX_TIM1_Init	32	static
main.c:231:13:MX_USART1_UART_Init	8	static
main.c:245:13:MX_FMC_Init	40	static
main.c:273:13:MX_GPIO_Init	64	static
main.c:336:6:StartDefaultTask	64	static
main.c:352:6:StartDefaultTask2	24	static
main.c:368:6:StartDefaultTask3	24	static
main.c:379:13:SerialPrint	16	static
main.c:385:6:HAL_TIM_PeriodElapsedCallback	16	static
main.c:392:5:__io_putchar	24	static
main.c:401:5:_write	32	static
main.c:411:6:Error_Handler	4	static,ignoring_inline_asm
