core_cm4.h:2064:26:ITM_SendChar	16	static,ignoring_inline_asm
main.c:36:5:main	8	static
main.c:55:6:SystemClock_Config	88	static
main.c:87:13:MX_USART1_UART_Init	8	static
main.c:103:13:MX_USART2_UART_Init	8	static
main.c:119:13:MX_USART3_UART_Init	8	static
main.c:134:13:MX_GPIO_Init	24	static
main.c:142:6:StartTask1	24	static
main.c:151:6:StartTask2	16	static
main.c:163:6:StartTask3	16	static
main.c:172:6:HAL_TIM_PeriodElapsedCallback	16	static
main.c:179:6:Error_Handler	4	static,ignoring_inline_asm
main.c:185:5:_write	32	static
